src/components/bna-ui/sheet.tsx(1,28): error TS2307: Cannot find module './ui/scroll-view' or its corresponding type declarations.
src/components/bna-ui/sheet.tsx(2,22): error TS2307: Cannot find module './ui/text' or its corresponding type declarations.
src/screens/Home/EmergencyModeScreen.tsx(38,7): error TS2322: Type '"manual"' is not assignable to type '"chat" | "voice" | "system"'.
src/screens/Home/EmergencyModeScreen.tsx(56,9): error TS2322: Type '"manual"' is not assignable to type '"chat" | "voice" | "system"'.
src/screens/Home/EmergencyModeScreen.tsx(71,7): error TS2322: Type '"manual"' is not assignable to type '"chat" | "voice" | "system"'.
src/screens/Home/EmergencyModeScreen.tsx(119,13): error TS2322: Type '"gray"' is not assignable to type 'ThemeName | null | undefined'.
src/screens/Home/EmergencyModeScreen.tsx(137,19): error TS2322: Type '{ children: Element[]; key: string; bordered: true; borderColor: "$gray6"; backgroundColor: "$gray3"; width: number; height: number; padding: "$3"; pressStyle: { borderColor: string; borderWidth: number; }; onPress: () => void; justifyContent: "space-between"; }' is not assignable to type 'IntrinsicAttributes & Omit<RNTamaguiViewNonStyleProps, "size" | "elevation" | "unstyled" | keyof StackStyleBase | "fullscreen"> & ... 5 more ... & RefAttributes<...>'.
  Property 'bordered' does not exist on type 'IntrinsicAttributes & Omit<RNTamaguiViewNonStyleProps, "size" | "elevation" | "unstyled" | keyof StackStyleBase | "fullscreen"> & ... 5 more ... & RefAttributes<...>'. Did you mean 'border'?
src/screens/Home/EmergencyModeScreen.tsx(168,19): error TS2322: Type '{ children: (Element | Element[])[]; bordered: true; backgroundColor: "$gray3"; padding: "$4"; }' is not assignable to type 'IntrinsicAttributes & Omit<RNTamaguiViewNonStyleProps, "size" | "elevation" | "unstyled" | keyof StackStyleBase | "fullscreen"> & ... 5 more ... & RefAttributes<...>'.
  Property 'bordered' does not exist on type 'IntrinsicAttributes & Omit<RNTamaguiViewNonStyleProps, "size" | "elevation" | "unstyled" | keyof StackStyleBase | "fullscreen"> & ... 5 more ... & RefAttributes<...>'. Did you mean 'border'?
src/screens/Home/EmergencyModeScreen.tsx(178,19): error TS2322: Type '{ children: (Element | Element[])[]; bordered: true; backgroundColor: "$gray3"; padding: "$4"; }' is not assignable to type 'IntrinsicAttributes & Omit<RNTamaguiViewNonStyleProps, "size" | "elevation" | "unstyled" | keyof StackStyleBase | "fullscreen"> & ... 5 more ... & RefAttributes<...>'.
  Property 'bordered' does not exist on type 'IntrinsicAttributes & Omit<RNTamaguiViewNonStyleProps, "size" | "elevation" | "unstyled" | keyof StackStyleBase | "fullscreen"> & ... 5 more ... & RefAttributes<...>'. Did you mean 'border'?
src/theme/bna/theme-provider.tsx(6,24): error TS2307: Cannot find module '@/theme/colors' or its corresponding type declarations.
